Archive member included to satisfy reference by file (symbol)

C:/ST/STM32CubeIDE_2.0.0/STM32CubeIDE/plugins/com.st.stm32cube.ide.mcu.externaltools.gnu-tools-for-stm32.13.3.rel1.win32_1.0.100.202509120712/tools/bin/../lib/gcc/arm-none-eabi/13.3.1/../../../../arm-none-eabi/lib/thumb/v7e-m+fp/hard\libc_nano.a(libc_a-exit.o)
                              C:/ST/STM32CubeIDE_2.0.0/STM32CubeIDE/plugins/com.st.stm32cube.ide.mcu.externaltools.gnu-tools-for-stm32.13.3.rel1.win32_1.0.100.202509120712/tools/bin/../lib/gcc/arm-none-eabi/13.3.1/../../../../arm-none-eabi/lib/thumb/v7e-m+fp/hard/crt0.o (exit)
C:/ST/STM32CubeIDE_2.0.0/STM32CubeIDE/plugins/com.st.stm32cube.ide.mcu.externaltools.gnu-tools-for-stm32.13.3.rel1.win32_1.0.100.202509120712/tools/bin/../lib/gcc/arm-none-eabi/13.3.1/../../../../arm-none-eabi/lib/thumb/v7e-m+fp/hard\libc_nano.a(libc_a-findfp.o)
                              C:/ST/STM32CubeIDE_2.0.0/STM32CubeIDE/plugins/com.st.stm32cube.ide.mcu.externaltools.gnu-tools-for-stm32.13.3.rel1.win32_1.0.100.202509120712/tools/bin/../lib/gcc/arm-none-eabi/13.3.1/../../../../arm-none-eabi/lib/thumb/v7e-m+fp/hard\libc_nano.a(libc_a-exit.o) (__stdio_exit_handler)
C:/ST/STM32CubeIDE_2.0.0/STM32CubeIDE/plugins/com.st.stm32cube.ide.mcu.externaltools.gnu-tools-for-stm32.13.3.rel1.win32_1.0.100.202509120712/tools/bin/../lib/gcc/arm-none-eabi/13.3.1/../../../../arm-none-eabi/lib/thumb/v7e-m+fp/hard\libc_nano.a(libc_a-fwalk.o)
                              C:/ST/STM32CubeIDE_2.0.0/STM32CubeIDE/plugins/com.st.stm32cube.ide.mcu.externaltools.gnu-tools-for-stm32.13.3.rel1.win32_1.0.100.202509120712/tools/bin/../lib/gcc/arm-none-eabi/13.3.1/../../../../arm-none-eabi/lib/thumb/v7e-m+fp/hard\libc_nano.a(libc_a-findfp.o) (_fwalk_sglue)
C:/ST/STM32CubeIDE_2.0.0/STM32CubeIDE/plugins/com.st.stm32cube.ide.mcu.externaltools.gnu-tools-for-stm32.13.3.rel1.win32_1.0.100.202509120712/tools/bin/../lib/gcc/arm-none-eabi/13.3.1/../../../../arm-none-eabi/lib/thumb/v7e-m+fp/hard\libc_nano.a(libc_a-stdio.o)
                              C:/ST/STM32CubeIDE_2.0.0/STM32CubeIDE/plugins/com.st.stm32cube.ide.mcu.externaltools.gnu-tools-for-stm32.13.3.rel1.win32_1.0.100.202509120712/tools/bin/../lib/gcc/arm-none-eabi/13.3.1/../../../../arm-none-eabi/lib/thumb/v7e-m+fp/hard\libc_nano.a(libc_a-findfp.o) (__sread)
C:/ST/STM32CubeIDE_2.0.0/STM32CubeIDE/plugins/com.st.stm32cube.ide.mcu.externaltools.gnu-tools-for-stm32.13.3.rel1.win32_1.0.100.202509120712/tools/bin/../lib/gcc/arm-none-eabi/13.3.1/../../../../arm-none-eabi/lib/thumb/v7e-m+fp/hard\libc_nano.a(libc_a-memset.o)
                              C:/ST/STM32CubeIDE_2.0.0/STM32CubeIDE/plugins/com.st.stm32cube.ide.mcu.externaltools.gnu-tools-for-stm32.13.3.rel1.win32_1.0.100.202509120712/tools/bin/../lib/gcc/arm-none-eabi/13.3.1/../../../../arm-none-eabi/lib/thumb/v7e-m+fp/hard/crt0.o (memset)
C:/ST/STM32CubeIDE_2.0.0/STM32CubeIDE/plugins/com.st.stm32cube.ide.mcu.externaltools.gnu-tools-for-stm32.13.3.rel1.win32_1.0.100.202509120712/tools/bin/../lib/gcc/arm-none-eabi/13.3.1/../../../../arm-none-eabi/lib/thumb/v7e-m+fp/hard\libc_nano.a(libc_a-closer.o)
                              C:/ST/STM32CubeIDE_2.0.0/STM32CubeIDE/plugins/com.st.stm32cube.ide.mcu.externaltools.gnu-tools-for-stm32.13.3.rel1.win32_1.0.100.202509120712/tools/bin/../lib/gcc/arm-none-eabi/13.3.1/../../../../arm-none-eabi/lib/thumb/v7e-m+fp/hard\libc_nano.a(libc_a-stdio.o) (_close_r)
C:/ST/STM32CubeIDE_2.0.0/STM32CubeIDE/plugins/com.st.stm32cube.ide.mcu.externaltools.gnu-tools-for-stm32.13.3.rel1.win32_1.0.100.202509120712/tools/bin/../lib/gcc/arm-none-eabi/13.3.1/../../../../arm-none-eabi/lib/thumb/v7e-m+fp/hard\libc_nano.a(libc_a-reent.o)
                              C:/ST/STM32CubeIDE_2.0.0/STM32CubeIDE/plugins/com.st.stm32cube.ide.mcu.externaltools.gnu-tools-for-stm32.13.3.rel1.win32_1.0.100.202509120712/tools/bin/../lib/gcc/arm-none-eabi/13.3.1/../../../../arm-none-eabi/lib/thumb/v7e-m+fp/hard\libc_nano.a(libc_a-closer.o) (errno)
C:/ST/STM32CubeIDE_2.0.0/STM32CubeIDE/plugins/com.st.stm32cube.ide.mcu.externaltools.gnu-tools-for-stm32.13.3.rel1.win32_1.0.100.202509120712/tools/bin/../lib/gcc/arm-none-eabi/13.3.1/../../../../arm-none-eabi/lib/thumb/v7e-m+fp/hard\libc_nano.a(libc_a-impure.o)
                              C:/ST/STM32CubeIDE_2.0.0/STM32CubeIDE/plugins/com.st.stm32cube.ide.mcu.externaltools.gnu-tools-for-stm32.13.3.rel1.win32_1.0.100.202509120712/tools/bin/../lib/gcc/arm-none-eabi/13.3.1/../../../../arm-none-eabi/lib/thumb/v7e-m+fp/hard\libc_nano.a(libc_a-reent.o) (_impure_ptr)
C:/ST/STM32CubeIDE_2.0.0/STM32CubeIDE/plugins/com.st.stm32cube.ide.mcu.externaltools.gnu-tools-for-stm32.13.3.rel1.win32_1.0.100.202509120712/tools/bin/../lib/gcc/arm-none-eabi/13.3.1/../../../../arm-none-eabi/lib/thumb/v7e-m+fp/hard\libc_nano.a(libc_a-lseekr.o)
[...]
Memory Configuration

Name             Origin             Length             Attributes
RAM              0x20000000         0x00020000         xrw
FLASH            0x08000000         0x00080000         xr
*default*        0x00000000         0xffffffff

Linker script and memory map

LOAD C:/ST/STM32CubeIDE_2.0.0/STM32CubeIDE/plugins/com.st.stm32cube.ide.mcu.externaltools.gnu-tools-for-stm32.13.3.rel1.win32_1.0.100.202509120712/tools/bin/../lib/gcc/arm-none-eabi/13.3.1/thumb/v7e-m+fp/hard/crti.o
LOAD C:/ST/STM32CubeIDE_2.0.0/STM32CubeIDE/plugins/com.st.stm32cube.ide.mcu.externaltools.gnu-tools-for-stm32.13.3.rel1.win32_1.0.100.202509120712/tools/bin/../lib/gcc/arm-none-eabi/13.3.1/thumb/v7e-m+fp/hard/crtbegin.o
LOAD C:/ST/STM32CubeIDE_2.0.0/STM32CubeIDE/plugins/com.st.stm32cube.ide.mcu.externaltools.gnu-tools-for-stm32.13.3.rel1.win32_1.0.100.202509120712/tools/bin/../lib/gcc/arm-none-eabi/13.3.1/../../../../arm-none-eabi/lib/thumb/v7e-m+fp/hard/crt0.o
LOAD ./Src/game.o
LOAD ./Src/gpio_driver.o
LOAD ./Src/main.o
LOAD ./Src/random.o
LOAD ./Src/syscalls.o
LOAD ./Src/sysmem.o
LOAD ./Src/systick_driver.o
LOAD ./Src/uart_driver.o
LOAD ./Startup/startup_stm32f446retx.o
START GROUP
LOAD C:/ST/STM32CubeIDE_2.0.0/STM32CubeIDE/plugins/com.st.stm32cube.ide.mcu.externaltools.gnu-tools-for-stm32.13.3.rel1.win32_1.0.100.202509120712/tools/bin/../lib/gcc/arm-none-eabi/13.3.1/../../../../arm-none-eabi/lib/thumb/v7e-m+fp/hard\libc_nano.a
LOAD C:/ST/STM32CubeIDE_2.0.0/STM32CubeIDE/plugins/com.st.stm32cube.ide.mcu.externaltools.gnu-tools-for-stm32.13.3.rel1.win32_1.0.100.202509120712/tools/bin/../lib/gcc/arm-none-eabi/13.3.1/../../../../arm-none-eabi/lib/thumb/v7e-m+fp/hard\libm.a
END GROUP
START GROUP
LOAD C:/ST/STM32CubeIDE_2.0.0/STM32CubeIDE/plugins/com.st.stm32cube.ide.mcu.externaltools.gnu-tools-for-stm32.13.3.rel1.win32_1.0.100.202509120712/tools/bin/../lib/gcc/arm-none-eabi/13.3.1/thumb/v7e-m+fp/hard\libgcc.a
LOAD C:/ST/STM32CubeIDE_2.0.0/STM32CubeIDE/plugins/com.st.stm32cube.ide.mcu.externaltools.gnu-tools-for-stm32.13.3.rel1.win32_1.0.100.202509120712/tools/bin/../lib/gcc/arm-none-eabi/13.3.1/../../../../arm-none-eabi/lib/thumb/v7e-m+fp/hard\libc_nano.a
END GROUP
START GROUP
LOAD C:/ST/STM32CubeIDE_2.0.0/STM32CubeIDE/plugins/com.st.stm32cube.ide.mcu.externaltools.gnu-tools-for-stm32.13.3.rel1.win32_1.0.100.202509120712/tools/bin/../lib/gcc/arm-none-eabi/13.3.1/thumb/v7e-m+fp/hard\libgcc.a
LOAD C:/ST/STM32CubeIDE_2.0.0/STM32CubeIDE/plugins/com.st.stm32cube.ide.mcu.externaltools.gnu-tools-for-stm32.13.3.rel1.win32_1.0.100.202509120712/tools/bin/../lib/gcc/arm-none-eabi/13.3.1/../../../../arm-none-eabi/lib/thumb/v7e-m+fp/hard\libc_nano.a
LOAD C:/ST/STM32CubeIDE_2.0.0/STM32CubeIDE/plugins/com.st.stm32cube.ide.mcu.externaltools.gnu-tools-for-stm32.13.3.rel1.win32_1.0.100.202509120712/tools/bin/../lib/gcc/arm-none-eabi/13.3.1/../../../../arm-none-eabi/lib/thumb/v7e-m+fp/hard\libnosys.a
END GROUP
START GROUP
LOAD C:/ST/STM32CubeIDE_2.0.0/STM32CubeIDE/plugins/com.st.stm32cube.ide.mcu.externaltools.gnu-tools-for-stm32.13.3.rel1.win32_1.0.100.202509120712/tools/bin/../lib/gcc/arm-none-eabi/13.3.1/thumb/v7e-m+fp/hard\libgcc.a
LOAD C:/ST/STM32CubeIDE_2.0.0/STM32CubeIDE/plugins/com.st.stm32cube.ide.mcu.externaltools.gnu-tools-for-stm32.13.3.rel1.win32_1.0.100.202509120712/tools/bin/../lib/gcc/arm-none-eabi/13.3.1/../../../../arm-none-eabi/lib/thumb/v7e-m+fp/hard\libc_nano.a
LOAD C:/ST/STM32CubeIDE_2.0.0/STM32CubeIDE/plugins/com.st.stm32cube.ide.mcu.externaltools.gnu-tools-for-stm32.13.3.rel1.win32_1.0.100.202509120712/tools/bin/../lib/gcc/arm-none-eabi/13.3.1/../../../../arm-none-eabi/lib/thumb/v7e-m+fp/hard\libnosys.a
END GROUP
LOAD C:/ST/STM32CubeIDE_2.0.0/STM32CubeIDE/plugins/com.st.stm32cube.ide.mcu.externaltools.gnu-tools-for-stm32.13.3.rel1.win32_1.0.100.202509120712/tools/bin/../lib/gcc/arm-none-eabi/13.3.1/thumb/v7e-m+fp/hard/crtend.o
LOAD C:/ST/STM32CubeIDE_2.0.0/STM32CubeIDE/plugins/com.st.stm32cube.ide.mcu.externaltools.gnu-tools-for-stm32.13.3.rel1.win32_1.0.100.202509120712/tools/bin/../lib/gcc/arm-none-eabi/13.3.1/thumb/v7e-m+fp/hard/crtn.o
                0x20020000                        _estack = (ORIGIN (RAM) + LENGTH (RAM))
                0x00000200                        _Min_Heap_Size = 0x200
                0x00000400                        _Min_Stack_Size = 0x400

.isr_vector     0x08000000      0x1c4
                0x08000000                        . = ALIGN (0x4)
 *(.isr_vector)
 .isr_vector    0x08000000      0x1c4 ./Startup/startup_stm32f446retx.o
                0x08000000                g_pfnVectors
                0x080001c4                        . = ALIGN (0x4)

.text           0x080001c4      0x62c
                0x080001c4                        . = ALIGN (0x4)
 *(.text)
 .text          0x080001c4       0x40 C:/ST/STM32CubeIDE_2.0.0/STM32CubeIDE/plugins/com.st.stm32cube.ide.mcu.externaltools.gnu-tools-for-stm32.13.3.rel1.win32_1.0.100.202509120712/tools/bin/../lib/gcc/arm-none-eabi/13.3.1/thumb/v7e-m+fp/hard/crtbegin.o
 *(.text*)
 .text.Game_Init
                0x08000204       0x34 ./Src/game.o
                0x08000204                Game_Init
 .text.Game_Update
                0x08000238      0x1b0 ./Src/game.o
                0x08000238                Game_Update
 .text.GPIO_Init
                0x080003e8       0x4c ./Src/gpio_driver.o
                0x080003e8                GPIO_Init
 .text.GPIO_LED_On
                0x08000434       0x20 ./Src/gpio_driver.o
                0x08000434                GPIO_LED_On
 .text.GPIO_LED_Off
                0x08000454       0x20 ./Src/gpio_driver.o
                0x08000454                GPIO_LED_Off
 .text.GPIO_ReadButton
                0x08000474       0x24 ./Src/gpio_driver.o
                0x08000474                GPIO_ReadButton
 .text.GPIO_ButtonPressed
                0x08000498       0x4c ./Src/gpio_driver.o
                0x08000498                GPIO_ButtonPressed
 .text.main     0x080004e4       0x22 ./Src/main.o
                0x080004e4                main
 *fill*         0x08000506        0x2 
 .text.Random_Init
                0x08000508       0x20 ./Src/random.o
                0x08000508                Random_Init
 .text.Random_Generate
                0x08000528       0x30 ./Src/random.o
                0x08000528                Random_Generate
 .text.SysTick_Init
                0x08000558       0x28 ./Src/systick_driver.o
                0x08000558                SysTick_Init
 .text.SysTick_DelayMs
                0x08000580       0x2a ./Src/systick_driver.o
                0x08000580                SysTick_DelayMs
 *fill*         0x080005aa        0x2 
 .text.SysTick_Handler
                0x080005ac       0x1c ./Src/systick_driver.o
                0x080005ac                SysTick_Handler
 .text.SysTick_Millis
                0x080005c8       0x18 ./Src/systick_driver.o
                0x080005c8                SysTick_Millis
 .text.UART_Init
                0x080005e0       0x78 ./Src/uart_driver.o
                0x080005e0                UART_Init
 .text.UART_WriteChar
                0x08000658       0x30 ./Src/uart_driver.o
                0x08000658                UART_WriteChar
 .text.UART_WriteString
                0x08000688       0x2c ./Src/uart_driver.o
                0x08000688                UART_WriteString
 .text.UART_WriteUInt
                0x080006b4       0x88 ./Src/uart_driver.o
                0x080006b4                UART_WriteUInt
 .text.Reset_Handler
                0x0800073c       0x50 ./Startup/startup_stm32f446retx.o
                0x0800073c                Reset_Handler
 .text.Default_Handler
                0x0800078c        0x2 ./Startup/startup_stm32f446retx.o
                0x0800078c                RTC_Alarm_IRQHandler
                0x0800078c                EXTI2_IRQHandler
                0x0800078c                TIM8_CC_IRQHandler
                0x0800078c                SPDIF_Rx_IRQHandler
                0x0800078c                DebugMon_Handler
                0x0800078c                SPI4_IRQHandler
                0x0800078c                TIM1_CC_IRQHandler
                0x0800078c                QuadSPI_IRQHandler
                0x0800078c                DMA2_Stream5_IRQHandler
                0x0800078c                HardFault_Handler
                0x0800078c                DMA1_Stream5_IRQHandler
                0x0800078c                PVD_IRQHandler
                0x0800078c                SDIO_IRQHandler
                0x0800078c                TAMP_STAMP_IRQHandler
                0x0800078c                PendSV_Handler
                0x0800078c                NMI_Handler
                0x0800078c                CAN2_RX1_IRQHandler
                0x0800078c                EXTI3_IRQHandler
                0x0800078c                TIM8_TRG_COM_TIM14_IRQHandler
                0x0800078c                TIM1_UP_TIM10_IRQHandler
                0x0800078c                FMPI2C1_error_IRQHandler
                0x0800078c                TIM8_UP_TIM13_IRQHandler
                0x0800078c                I2C3_ER_IRQHandler
                0x0800078c                EXTI0_IRQHandler
                0x0800078c                I2C2_EV_IRQHandler
                0x0800078c                DMA1_Stream2_IRQHandler
                0x0800078c                CAN1_RX0_IRQHandler
                0x0800078c                OTG_HS_WKUP_IRQHandler
                0x0800078c                UsageFault_Handler
                0x0800078c                CAN2_SCE_IRQHandler
                0x0800078c                DMA2_Stream2_IRQHandler
                0x0800078c                SPI1_IRQHandler
                0x0800078c                TIM6_DAC_IRQHandler
                0x0800078c                TIM1_BRK_TIM9_IRQHandler
                0x0800078c                DCMI_IRQHandler
                0x0800078c                CAN2_RX0_IRQHandler
                0x0800078c                DMA2_Stream3_IRQHandler
                0x0800078c                FMPI2C1_IRQHandler
                0x0800078c                SAI2_IRQHandler
                0x0800078c                USART6_IRQHandler
                0x0800078c                USART3_IRQHandler
                0x0800078c                CAN1_RX1_IRQHandler
                0x0800078c                UART5_IRQHandler
                0x0800078c                DMA2_Stream0_IRQHandler
                0x0800078c                TIM4_IRQHandler
                0x0800078c                I2C1_EV_IRQHandler
                0x0800078c                HDMI_CEC_IRQHandler
                0x0800078c                DMA1_Stream6_IRQHandler
                0x0800078c                DMA1_Stream1_IRQHandler
                0x0800078c                UART4_IRQHandler
                0x0800078c                TIM3_IRQHandler
                0x0800078c                RCC_IRQHandler
                0x0800078c                TIM8_BRK_TIM12_IRQHandler
                0x0800078c                Default_Handler
                0x0800078c                EXTI15_10_IRQHandler
                0x0800078c                ADC_IRQHandler
                0x0800078c                DMA1_Stream7_IRQHandler
                0x0800078c                TIM7_IRQHandler
                0x0800078c                CAN2_TX_IRQHandler
                0x0800078c                TIM5_IRQHandler
                0x0800078c                DMA2_Stream7_IRQHandler
                0x0800078c                I2C3_EV_IRQHandler
                0x0800078c                EXTI9_5_IRQHandler
                0x0800078c                RTC_WKUP_IRQHandler
                0x0800078c                SPI2_IRQHandler
                0x0800078c                OTG_HS_EP1_IN_IRQHandler
                0x0800078c                MemManage_Handler
                0x0800078c                DMA1_Stream0_IRQHandler
                0x0800078c                CAN1_TX_IRQHandler
                0x0800078c                SVC_Handler
                0x0800078c                EXTI4_IRQHandler
                0x0800078c                OTG_HS_EP1_OUT_IRQHandler
                0x0800078c                WWDG_IRQHandler
                0x0800078c                TIM2_IRQHandler
                0x0800078c                OTG_FS_WKUP_IRQHandler
                0x0800078c                TIM1_TRG_COM_TIM11_IRQHandler
                0x0800078c                OTG_HS_IRQHandler
                0x0800078c                EXTI1_IRQHandler
                0x0800078c                USART2_IRQHandler
                0x0800078c                I2C2_ER_IRQHandler
                0x0800078c                DMA2_Stream1_IRQHandler
                0x0800078c                CAN1_SCE_IRQHandler
                0x0800078c                FLASH_IRQHandler
                0x0800078c                DMA2_Stream4_IRQHandler
                0x0800078c                BusFault_Handler
                0x0800078c                USART1_IRQHandler
                0x0800078c                OTG_FS_IRQHandler
                0x0800078c                SPI3_IRQHandler
                0x0800078c                DMA1_Stream4_IRQHandler
                0x0800078c                I2C1_ER_IRQHandler
                0x0800078c                FMC_IRQHandler
                0x0800078c                DMA2_Stream6_IRQHandler
                0x0800078c                SAI1_IRQHandler
                0x0800078c                DMA1_Stream3_IRQHandler
 *fill*         0x0800078e        0x2 
 .text.__libc_init_array
                0x08000790       0x48 C:/ST/STM32CubeIDE_2.0.0/STM32CubeIDE/plugins/com.st.stm32cube.ide.mcu.externaltools.gnu-tools-for-stm32.13.3.rel1.win32_1.0.100.202509120712/tools/bin/../lib/gcc/arm-none-eabi/13.3.1/../../../../arm-none-eabi/lib/thumb/v7e-m+fp/hard\libc_nano.a(libc_a-init.o)
                0x08000790                __libc_init_array
 *(.glue_7)
 .glue_7        0x080007d8        0x0 linker stubs
 *(.glue_7t)
 .glue_7t       0x080007d8        0x0 linker stubs
 *(.eh_frame)
 .eh_frame      0x080007d8        0x0 C:/ST/STM32CubeIDE_2.0.0/STM32CubeIDE/plugins/com.st.stm32cube.ide.mcu.externaltools.gnu-tools-for-stm32.13.3.rel1.win32_1.0.100.202509120712/tools/bin/../lib/gcc/arm-none-eabi/13.3.1/thumb/v7e-m+fp/hard/crtbegin.o
 *(.init)
 .init          0x080007d8        0x4 C:/ST/STM32CubeIDE_2.0.0/STM32CubeIDE/plugins/com.st.stm32cube.ide.mcu.externaltools.gnu-tools-for-stm32.13.3.rel1.win32_1.0.100.202509120712/tools/bin/../lib/gcc/arm-none-eabi/13.3.1/thumb/v7e-m+fp/hard/crti.o
                0x080007d8                _init
 .init          0x080007dc        0x8 C:/ST/STM32CubeIDE_2.0.0/STM32CubeIDE/plugins/com.st.stm32cube.ide.mcu.externaltools.gnu-tools-for-stm32.13.3.rel1.win32_1.0.100.202509120712/tools/bin/../lib/gcc/arm-none-eabi/13.3.1/thumb/v7e-m+fp/hard/crtn.o
 *(.fini)
 .fini          0x080007e4        0x4 C:/ST/STM32CubeIDE_2.0.0/STM32CubeIDE/plugins/com.st.stm32cube.ide.mcu.externaltools.gnu-tools-for-stm32.13.3.rel1.win32_1.0.100.202509120712/tools/bin/../lib/gcc/arm-none-eabi/13.3.1/thumb/v7e-m+fp/hard/crti.o
                0x080007e4                _fini
 .fini          0x080007e8        0x8 C:/ST/STM32CubeIDE_2.0.0/STM32CubeIDE/plugins/com.st.stm32cube.ide.mcu.externaltools.gnu-tools-for-stm32.13.3.rel1.win32_1.0.100.202509120712/tools/bin/../lib/gcc/arm-none-eabi/13.3.1/thumb/v7e-m+fp/hard/crtn.o
                0x080007f0                        . = ALIGN (0x4)
                0x080007f0                        _etext = .

.vfp11_veneer   0x080007f0        0x0
 .vfp11_veneer  0x080007f0        0x0 linker stubs

.v4_bx          0x080007f0        0x0
 .v4_bx         0x080007f0        0x0 linker stubs

.iplt           0x080007f0        0x0
 .iplt          0x080007f0        0x0 C:/ST/STM32CubeIDE_2.0.0/STM32CubeIDE/plugins/com.st.stm32cube.ide.mcu.externaltools.gnu-tools-for-stm32.13.3.rel1.win32_1.0.100.202509120712/tools/bin/../lib/gcc/arm-none-eabi/13.3.1/thumb/v7e-m+fp/hard/crtbegin.o

.rodata         0x080007f0       0xcc
                0x080007f0                        . = ALIGN (0x4)
 *(.rodata)
 .rodata        0x080007f0       0xc9 ./Src/game.o
 *(.rodata*)
                0x080008bc                        . = ALIGN (0x4)
 *fill*         0x080008b9        0x3 

.ARM.extab      0x080008bc        0x0
                0x080008bc                        . = ALIGN (0x4)
 *(.ARM.extab* .gnu.linkonce.armextab.*)
                0x080008bc                        . = ALIGN (0x4)

.ARM            0x080008bc        0x0
                0x080008bc                        . = ALIGN (0x4)
                0x080008bc                        __exidx_start = .
 *(.ARM.exidx*)
                0x080008bc                        __exidx_end = .
                0x080008bc                        . = ALIGN (0x4)

.preinit_array  0x080008bc        0x0
                0x080008bc                        . = ALIGN (0x4)
                0x080008bc                        PROVIDE (__preinit_array_start = .)
 *(.preinit_array*)
                0x080008bc                        PROVIDE (__preinit_array_end = .)
                0x080008bc                        . = ALIGN (0x4)

.init_array     0x080008bc        0x4
                0x080008bc                        . = ALIGN (0x4)
                0x080008bc                        PROVIDE (__init_array_start = .)
 *(SORT_BY_NAME(.init_array.*))
 *(.init_array*)
 .init_array    0x080008bc        0x4 C:/ST/STM32CubeIDE_2.0.0/STM32CubeIDE/plugins/com.st.stm32cube.ide.mcu.externaltools.gnu-tools-for-stm32.13.3.rel1.win32_1.0.100.202509120712/tools/bin/../lib/gcc/arm-none-eabi/13.3.1/thumb/v7e-m+fp/hard/crtbegin.o
                0x080008c0                        PROVIDE (__init_array_end = .)
                0x080008c0                        . = ALIGN (0x4)

.fini_array     0x080008c0        0x4
                0x080008c0                        . = ALIGN (0x4)
                [!provide]                        PROVIDE (__fini_array_start = .)
 *(SORT_BY_NAME(.fini_array.*))
 *(.fini_array*)
 .fini_array    0x080008c0        0x4 C:/ST/STM32CubeIDE_2.0.0/STM32CubeIDE/plugins/com.st.stm32cube.ide.mcu.externaltools.gnu-tools-for-stm32.13.3.rel1.win32_1.0.100.202509120712/tools/bin/../lib/gcc/arm-none-eabi/13.3.1/thumb/v7e-m+fp/hard/crtbegin.o
                [!provide]                        PROVIDE (__fini_array_end = .)
                0x080008c4                        . = ALIGN (0x4)
                0x080008c4                        _sidata = LOADADDR (.data)

.rel.dyn        0x080008c4        0x0
 .rel.iplt      0x080008c4        0x0 C:/ST/STM32CubeIDE_2.0.0/STM32CubeIDE/plugins/com.st.stm32cube.ide.mcu.externaltools.gnu-tools-for-stm32.13.3.rel1.win32_1.0.100.202509120712/tools/bin/../lib/gcc/arm-none-eabi/13.3.1/thumb/v7e-m+fp/hard/crtbegin.o

.data           0x20000000        0x0 load address 0x080008c4
                0x20000000                        . = ALIGN (0x4)
                0x20000000                        _sdata = .
 *(.data)
 *(.data*)
 *(.RamFunc)
 *(.RamFunc*)
                0x20000000                        . = ALIGN (0x4)
                0x20000000                        _edata = .

.igot.plt       0x20000000        0x0 load address 0x080008c4
 .igot.plt      0x20000000        0x0 C:/ST/STM32CubeIDE_2.0.0/STM32CubeIDE/plugins/com.st.stm32cube.ide.mcu.externaltools.gnu-tools-for-stm32.13.3.rel1.win32_1.0.100.202509120712/tools/bin/../lib/gcc/arm-none-eabi/13.3.1/thumb/v7e-m+fp/hard/crtbegin.o
                0x20000000                        . = ALIGN (0x4)

.bss            0x20000000       0x40 load address 0x080008c4
                0x20000000                        _sbss = .
                0x20000000                        __bss_start__ = _sbss
 *(.bss)
 .bss           0x20000000       0x1c C:/ST/STM32CubeIDE_2.0.0/STM32CubeIDE/plugins/com.st.stm32cube.ide.mcu.externaltools.gnu-tools-for-stm32.13.3.rel1.win32_1.0.100.202509120712/tools/bin/../lib/gcc/arm-none-eabi/13.3.1/thumb/v7e-m+fp/hard/crtbegin.o
 *(.bss*)
 .bss.currentState
                0x2000001c        0x1 ./Src/game.o
 *fill*         0x2000001d        0x3 
 .bss.randomDelay
                0x20000020        0x4 ./Src/game.o
 .bss.startTime
                0x20000024        0x4 ./Src/game.o
 .bss.endTime   0x20000028        0x4 ./Src/game.o
 .bss.reactionTime
                0x2000002c        0x4 ./Src/game.o
 .bss.readyStartTime
                0x20000030        0x4 ./Src/game.o
 .bss.readyStarted
                0x20000034        0x1 ./Src/game.o
 .bss.resultPrinted
                0x20000035        0x1 ./Src/game.o
 .bss.previousButtonState
                0x20000036        0x1 ./Src/gpio_driver.o
 *fill*         0x20000037        0x1 
 .bss.currentSeed
                0x20000038        0x4 ./Src/random.o
 .bss.tickCount
                0x2000003c        0x4 ./Src/systick_driver.o
 *(COMMON)
                0x20000040                        . = ALIGN (0x4)
                0x20000040                        _ebss = .
                0x20000040                        __bss_end__ = _ebss

._user_heap_stack
                0x20000040      0x600 load address 0x080008c4
                0x20000040                        . = ALIGN (0x8)
                [!provide]                        PROVIDE (end = .)
                0x20000040                        PROVIDE (_end = .)
                0x20000240                        . = (. + _Min_Heap_Size)
 *fill*         0x20000040      0x200 
                0x20000640                        . = (. + _Min_Stack_Size)
 *fill*         0x20000240      0x400 
                0x20000640                        . = ALIGN (0x8)

/DISCARD/
 libc.a(*)
 libm.a(*)
 libgcc.a(*)

.ARM.attributes
                0x00000000       0x30
 *(.ARM.attributes)
 .ARM.attributes
                0x00000000       0x22 C:/ST/STM32CubeIDE_2.0.0/STM32CubeIDE/plugins/com.st.stm32cube.ide.mcu.externaltools.gnu-tools-for-stm32.13.3.rel1.win32_1.0.100.202509120712/tools/bin/../lib/gcc/arm-none-eabi/13.3.1/thumb/v7e-m+fp/hard/crti.o
 .ARM.attributes
                0x00000022       0x34 C:/ST/STM32CubeIDE_2.0.0/STM32CubeIDE/plugins/com.st.stm32cube.ide.mcu.externaltools.gnu-tools-for-stm32.13.3.rel1.win32_1.0.100.202509120712/tools/bin/../lib/gcc/arm-none-eabi/13.3.1/thumb/v7e-m+fp/hard/crtbegin.o
 .ARM.attributes
                0x00000056       0x34 ./Src/game.o
 .ARM.attributes
                0x0000008a       0x34 ./Src/gpio_driver.o
 .ARM.attributes
                0x000000be       0x34 ./Src/main.o
 .ARM.attributes
                0x000000f2       0x34 ./Src/random.o
 .ARM.attributes
                0x00000126       0x34 ./Src/systick_driver.o
 .ARM.attributes
                0x0000015a       0x34 ./Src/uart_driver.o
 .ARM.attributes
                0x0000018e       0x21 ./Startup/startup_stm32f446retx.o
 .ARM.attributes
                0x000001af       0x34 C:/ST/STM32CubeIDE_2.0.0/STM32CubeIDE/plugins/com.st.stm32cube.ide.mcu.externaltools.gnu-tools-for-stm32.13.3.rel1.win32_1.0.100.202509120712/tools/bin/../lib/gcc/arm-none-eabi/13.3.1/../../../../arm-none-eabi/lib/thumb/v7e-m+fp/hard\libc_nano.a(libc_a-init.o)
 .ARM.attributes
                0x000001e3       0x22 C:/ST/STM32CubeIDE_2.0.0/STM32CubeIDE/plugins/com.st.stm32cube.ide.mcu.externaltools.gnu-tools-for-stm32.13.3.rel1.win32_1.0.100.202509120712/tools/bin/../lib/gcc/arm-none-eabi/13.3.1/thumb/v7e-m+fp/hard/crtn.o
OUTPUT(reaction_timer_game.elf elf32-littlearm)
LOAD linker stubs
LOAD C:/ST/STM32CubeIDE_2.0.0/STM32CubeIDE/plugins/com.st.stm32cube.ide.mcu.externaltools.gnu-tools-for-stm32.13.3.rel1.win32_1.0.100.202509120712/tools/bin/../lib/gcc/arm-none-eabi/13.3.1/../../../../arm-none-eabi/lib/thumb/v7e-m+fp/hard\libc.a
LOAD C:/ST/STM32CubeIDE_2.0.0/STM32CubeIDE/plugins/com.st.stm32cube.ide.mcu.externaltools.gnu-tools-for-stm32.13.3.rel1.win32_1.0.100.202509120712/tools/bin/../lib/gcc/arm-none-eabi/13.3.1/../../../../arm-none-eabi/lib/thumb/v7e-m+fp/hard\libm.a
LOAD C:/ST/STM32CubeIDE_2.0.0/STM32CubeIDE/plugins/com.st.stm32cube.ide.mcu.externaltools.gnu-tools-for-stm32.13.3.rel1.win32_1.0.100.202509120712/tools/bin/../lib/gcc/arm-none-eabi/13.3.1/thumb/v7e-m+fp/hard\libgcc.a

.debug_info     0x00000000      0xcc4
 .debug_info    0x00000000      0x1dd ./Src/game.o
 .debug_info    0x000001dd      0x3a4 ./Src/gpio_driver.o
 .debug_info    0x00000581       0xd4 ./Src/main.o
 .debug_info    0x00000655       0xd3 ./Src/random.o
 .debug_info    0x00000728      0x157 ./Src/systick_driver.o
 .debug_info    0x0000087f      0x415 ./Src/uart_driver.o
 .debug_info    0x00000c94       0x30 ./Startup/startup_stm32f446retx.o

.debug_abbrev   0x00000000      0x589
 .debug_abbrev  0x00000000       0xe5 ./Src/game.o
 .debug_abbrev  0x000000e5      0x11e ./Src/gpio_driver.o
 .debug_abbrev  0x00000203       0x86 ./Src/main.o
 .debug_abbrev  0x00000289       0x91 ./Src/random.o
 .debug_abbrev  0x0000031a       0xff ./Src/systick_driver.o
 .debug_abbrev  0x00000419      0x14c ./Src/uart_driver.o
 .debug_abbrev  0x00000565       0x24 ./Startup/startup_stm32f446retx.o

.debug_aranges  0x00000000      0x150
 .debug_aranges
                0x00000000       0x28 ./Src/game.o
 .debug_aranges
                0x00000028       0x48 ./Src/gpio_driver.o
 .debug_aranges
                0x00000070       0x20 ./Src/main.o
 .debug_aranges
                0x00000090       0x28 ./Src/random.o
 .debug_aranges
                0x000000b8       0x38 ./Src/systick_driver.o
 .debug_aranges
                0x000000f0       0x38 ./Src/uart_driver.o
 .debug_aranges
                0x00000128       0x28 ./Startup/startup_stm32f446retx.o

.debug_rnglists
                0x00000000       0xdb
 .debug_rnglists
                0x00000000       0x1a ./Src/game.o
 .debug_rnglists
                0x0000001a       0x31 ./Src/gpio_driver.o
 .debug_rnglists
                0x0000004b       0x13 ./Src/main.o
 .debug_rnglists
                0x0000005e       0x19 ./Src/random.o
 .debug_rnglists
                0x00000077       0x25 ./Src/systick_driver.o
 .debug_rnglists
                0x0000009c       0x26 ./Src/uart_driver.o
 .debug_rnglists
                0x000000c2       0x19 ./Startup/startup_stm32f446retx.o

.debug_macro    0x00000000    0x18f82
 .debug_macro   0x00000000      0x100 ./Src/game.o
 .debug_macro   0x00000100      0xaf0 ./Src/game.o
 .debug_macro   0x00000bf0       0x28 ./Src/game.o
 .debug_macro   0x00000c18       0x28 ./Src/game.o
 .debug_macro   0x00000c40       0x22 ./Src/game.o
 .debug_macro   0x00000c62       0x8e ./Src/game.o
 .debug_macro   0x00000cf0       0x51 ./Src/game.o
 .debug_macro   0x00000d41      0x103 ./Src/game.o
 .debug_macro   0x00000e44       0x6a ./Src/game.o
 .debug_macro   0x00000eae      0x1df ./Src/game.o
 .debug_macro   0x0000108d       0x1c ./Src/game.o
 .debug_macro   0x000010a9       0x22 ./Src/game.o
 .debug_macro   0x000010cb       0xfb ./Src/game.o
 .debug_macro   0x000011c6     0x1011 ./Src/game.o
 .debug_macro   0x000021d7      0x11f ./Src/game.o
 .debug_macro   0x000022f6    0x16749 ./Src/game.o
 .debug_macro   0x00018a3f       0x6d ./Src/game.o
 .debug_macro   0x00018aac      0x100 ./Src/gpio_driver.o
 .debug_macro   0x00018bac      0x100 ./Src/main.o
 .debug_macro   0x00018cac       0xd8 ./Src/random.o
 .debug_macro   0x00018d84       0xf0 ./Src/systick_driver.o
 .debug_macro   0x00018e74      0x10e ./Src/uart_driver.o

.debug_line     0x00000000     0x23bb
 .debug_line    0x00000000      0x67c ./Src/game.o
 .debug_line    0x0000067c      0x615 ./Src/gpio_driver.o
 .debug_line    0x00000c91      0x584 ./Src/main.o
 .debug_line    0x00001215      0x55a ./Src/random.o
 .debug_line    0x0000176f      0x5ba ./Src/systick_driver.o
 .debug_line    0x00001d29      0x617 ./Src/uart_driver.o
 .debug_line    0x00002340       0x7b ./Startup/startup_stm32f446retx.o

.debug_str      0x00000000    0x8b4de
 .debug_str     0x00000000    0x8b4de ./Src/game.o
                              0x8b24c (size before relaxing)
 .debug_str     0x0008b4de        0x0 ./Src/gpio_driver.o
                              0x8b36e (size before relaxing)
 .debug_str     0x0008b4de        0x0 ./Src/main.o
                              0x8b183 (size before relaxing)
 .debug_str     0x0008b4de        0x0 ./Src/random.o
                              0x8b12e (size before relaxing)
 .debug_str     0x0008b4de        0x0 ./Src/systick_driver.o
                              0x8b1cc (size before relaxing)
 .debug_str     0x0008b4de        0x0 ./Src/uart_driver.o
                              0x8b34e (size before relaxing)
 .debug_str     0x0008b4de        0x0 ./Startup/startup_stm32f446retx.o
                                 0x80 (size before relaxing)

.comment        0x00000000       0x43
 .comment       0x00000000       0x43 ./Src/game.o
                                 0x44 (size before relaxing)
 .comment       0x00000043        0x0 ./Src/gpio_driver.o
                                 0x44 (size before relaxing)
 .comment       0x00000043        0x0 ./Src/main.o
                                 0x44 (size before relaxing)
 .comment       0x00000043        0x0 ./Src/random.o
                                 0x44 (size before relaxing)
 .comment       0x00000043        0x0 ./Src/systick_driver.o
                                 0x44 (size before relaxing)
 .comment       0x00000043        0x0 ./Src/uart_driver.o
                                 0x44 (size before relaxing)

.debug_frame    0x00000000      0x300
 .debug_frame   0x00000000       0x48 ./Src/game.o
 .debug_frame   0x00000048       0xd4 ./Src/gpio_driver.o
 .debug_frame   0x0000011c       0x2c ./Src/main.o
 .debug_frame   0x00000148       0x58 ./Src/random.o
 .debug_frame   0x000001a0       0x94 ./Src/systick_driver.o
 .debug_frame   0x00000234       0xa0 ./Src/uart_driver.o
 .debug_frame   0x000002d4       0x2c C:/ST/STM32CubeIDE_2.0.0/STM32CubeIDE/plugins/com.st.stm32cube.ide.mcu.externaltools.gnu-tools-for-stm32.13.3.rel1.win32_1.0.100.202509120712/tools/bin/../lib/gcc/arm-none-eabi/13.3.1/../../../../arm-none-eabi/lib/thumb/v7e-m+fp/hard\libc_nano.a(libc_a-init.o)

.debug_line_str
                0x00000000       0x64
 .debug_line_str
                0x00000000       0x64 ./Startup/startup_stm32f446retx.o
