Archive member included to satisfy reference by file (symbol)

C:/ST/STM32CubeIDE_2.0.0/STM32CubeIDE/plugins/com.st.stm32cube.ide.mcu.externaltools.gnu-tools-for-stm32.13.3.rel1.win32_1.0.100.202509120712/tools/bin/../lib/gcc/arm-none-eabi/13.3.1/../../../../arm-none-eabi/lib/thumb/v7e-m+fp/hard\libc_nano.a(libc_a-exit.o)
                              C:/ST/STM32CubeIDE_2.0.0/STM32CubeIDE/plugins/com.st.stm32cube.ide.mcu.externaltools.gnu-tools-for-stm32.13.3.rel1.win32_1.0.100.202509120712/tools/bin/../lib/gcc/arm-none-eabi/13.3.1/../../../../arm-none-eabi/lib/thumb/v7e-m+fp/hard/crt0.o (exit)
C:/ST/STM32CubeIDE_2.0.0/STM32CubeIDE/plugins/com.st.stm32cube.ide.mcu.externaltools.gnu-tools-for-stm32.13.3.rel1.win32_1.0.100.202509120712/tools/bin/../lib/gcc/arm-none-eabi/13.3.1/../../../../arm-none-eabi/lib/thumb/v7e-m+fp/hard\libc_nano.a(libc_a-findfp.o)
                              C:/ST/STM32CubeIDE_2.0.0/STM32CubeIDE/plugins/com.st.stm32cube.ide.mcu.externaltools.gnu-tools-for-stm32.13.3.rel1.win32_1.0.100.202509120712/tools/bin/../lib/gcc/arm-none-eabi/13.3.1/../../../../arm-none-eabi/lib/thumb/v7e-m+fp/hard\libc_nano.a(libc_a-exit.o) (__stdio_exit_handler)
C:/ST/STM32CubeIDE_2.0.0/STM32CubeIDE/plugins/com.st.stm32cube.ide.mcu.externaltools.gnu-tools-for-stm32.13.3.rel1.win32_1.0.100.202509120712/tools/bin/../lib/gcc/arm-none-eabi/13.3.1/../../../../arm-none-eabi/lib/thumb/v7e-m+fp/hard\libc_nano.a(libc_a-fwalk.o)
                              C:/ST/STM32CubeIDE_2.0.0/STM32CubeIDE/plugins/com.st.stm32cube.ide.mcu.externaltools.gnu-tools-for-stm32.13.3.rel1.win32_1.0.100.202509120712/tools/bin/../lib/gcc/arm-none-eabi/13.3.1/../../../../arm-none-eabi/lib/thumb/v7e-m+fp/hard\libc_nano.a(libc_a-findfp.o) (_fwalk_sglue)
C:/ST/STM32CubeIDE_2.0.0/STM32CubeIDE/plugins/com.st.stm32cube.ide.mcu.externaltools.gnu-tools-for-stm32.13.3.rel1.win32_1.0.100.202509120712/tools/bin/../lib/gcc/arm-none-eabi/13.3.1/../../../../arm-none-eabi/lib/thumb/v7e-m+fp/hard\libc_nano.a(libc_a-stdio.o)
                              C:/ST/STM32CubeIDE_2.0.0/STM32CubeIDE/plugins/com.st.stm32cube.ide.mcu.externaltools.gnu-tools-for-stm32.13.3.rel1.win32_1.0.100.202509120712/tools/bin/../lib/gcc/arm-none-eabi/13.3.1/../../../../arm-none-eabi/lib/thumb/v7e-m+fp/hard\libc_nano.a(libc_a-findfp.o) (__sread)
C:/ST/STM32CubeIDE_2.0.0/STM32CubeIDE/plugins/com.st.stm32cube.ide.mcu.externaltools.gnu-tools-for-stm32.13.3.rel1.win32_1.0.100.202509120712/tools/bin/../lib/gcc/arm-none-eabi/13.3.1/../../../../arm-none-eabi/lib/thumb/v7e-m+fp/hard\libc_nano.a(libc_a-memset.o)
                              C:/ST/STM32CubeIDE_2.0.0/STM32CubeIDE/plugins/com.st.stm32cube.ide.mcu.externaltools.gnu-tools-for-stm32.13.3.rel1.win32_1.0.100.202509120712/tools/bin/../lib/gcc/arm-none-eabi/13.3.1/../../../../arm-none-eabi/lib/thumb/v7e-m+fp/hard/crt0.o (memset)
C:/ST/STM32CubeIDE_2.0.0/STM32CubeIDE/plugins/com.st.stm32cube.ide.mcu.externaltools.gnu-tools-for-stm32.13.3.rel1.win32_1.0.100.202509120712/tools/bin/../lib/gcc/arm-none-eabi/13.3.1/../../../../arm-none-eabi/lib/thumb/v7e-m+fp/hard\libc_nano.a(libc_a-closer.o)
                              C:/ST/STM32CubeIDE_2.0.0/STM32CubeIDE/plugins/com.st.stm32cube.ide.mcu.externaltools.gnu-tools-for-stm32.13.3.rel1.win32_1.0.100.202509120712/tools/bin/../lib/gcc/arm-none-eabi/13.3.1/../../../../arm-none-eabi/lib/thumb/v7e-m+fp/hard\libc_nano.a(libc_a-stdio.o) (_close_r)
C:/ST/STM32CubeIDE_2.0.0/STM32CubeIDE/plugins/com.st.stm32cube.ide.mcu.externaltools.gnu-tools-for-stm32.13.3.rel1.win32_1.0.100.202509120712/tools/bin/../lib/gcc/arm-none-eabi/13.3.1/../../../../arm-none-eabi/lib/thumb/v7e-m+fp/hard\libc_nano.a(libc_a-reent.o)
                              C:/ST/STM32CubeIDE_2.0.0/STM32CubeIDE/plugins/com.st.stm32cube.ide.mcu.externaltools.gnu-tools-for-stm32.13.3.rel1.win32_1.0.100.202509120712/tools/bin/../lib/gcc/arm-none-eabi/13.3.1/../../../../arm-none-eabi/lib/thumb/v7e-m+fp/hard\libc_nano.a(libc_a-closer.o) (errno)
C:/ST/STM32CubeIDE_2.0.0/STM32CubeIDE/plugins/com.st.stm32cube.ide.mcu.externaltools.gnu-tools-for-stm32.13.3.rel1.win32_1.0.100.202509120712/tools/bin/../lib/gcc/arm-none-eabi/13.3.1/../../../../arm-none-eabi/lib/thumb/v7e-m+fp/hard\libc_nano.a(libc_a-impure.o)
                              C:/ST/STM32CubeIDE_2.0.0/STM32CubeIDE/plugins/com.st.stm32cube.ide.mcu.externaltools.gnu-tools-for-stm32.13.3.rel1.win32_1.0.100.202509120712/tools/bin/../lib/gcc/arm-none-eabi/13.3.1/../../../../arm-none-eabi/lib/thumb/v7e-m+fp/hard\libc_nano.a(libc_a-reent.o) (_impure_ptr)
C:/ST/STM32CubeIDE_2.0.0/STM32CubeIDE/plugins/com.st.stm32cube.ide.mcu.externaltools.gnu-tools-for-stm32.13.3.rel1.win32_1.0.100.202509120712/tools/bin/../lib/gcc/arm-none-eabi/13.3.1/../../../../arm-none-eabi/lib/thumb/v7e-m+fp/hard\libc_nano.a(libc_a-lseekr.o)
[...]
Memory Configuration

Name             Origin             Length             Attributes
RAM              0x20000000         0x00020000         xrw
FLASH            0x08000000         0x00080000         xr
*default*        0x00000000         0xffffffff

Linker script and memory map

LOAD C:/ST/STM32CubeIDE_2.0.0/STM32CubeIDE/plugins/com.st.stm32cube.ide.mcu.externaltools.gnu-tools-for-stm32.13.3.rel1.win32_1.0.100.202509120712/tools/bin/../lib/gcc/arm-none-eabi/13.3.1/thumb/v7e-m+fp/hard/crti.o
LOAD C:/ST/STM32CubeIDE_2.0.0/STM32CubeIDE/plugins/com.st.stm32cube.ide.mcu.externaltools.gnu-tools-for-stm32.13.3.rel1.win32_1.0.100.202509120712/tools/bin/../lib/gcc/arm-none-eabi/13.3.1/thumb/v7e-m+fp/hard/crtbegin.o
LOAD C:/ST/STM32CubeIDE_2.0.0/STM32CubeIDE/plugins/com.st.stm32cube.ide.mcu.externaltools.gnu-tools-for-stm32.13.3.rel1.win32_1.0.100.202509120712/tools/bin/../lib/gcc/arm-none-eabi/13.3.1/../../../../arm-none-eabi/lib/thumb/v7e-m+fp/hard/crt0.o
LOAD ./Src/gpio_driver.o
LOAD ./Src/main.o
LOAD ./Src/random.o
LOAD ./Src/syscalls.o
LOAD ./Src/sysmem.o
LOAD ./Src/systick_driver.o
LOAD ./Src/uart_driver.o
LOAD ./Startup/startup_stm32f446retx.o
START GROUP
LOAD C:/ST/STM32CubeIDE_2.0.0/STM32CubeIDE/plugins/com.st.stm32cube.ide.mcu.externaltools.gnu-tools-for-stm32.13.3.rel1.win32_1.0.100.202509120712/tools/bin/../lib/gcc/arm-none-eabi/13.3.1/../../../../arm-none-eabi/lib/thumb/v7e-m+fp/hard\libc_nano.a
LOAD C:/ST/STM32CubeIDE_2.0.0/STM32CubeIDE/plugins/com.st.stm32cube.ide.mcu.externaltools.gnu-tools-for-stm32.13.3.rel1.win32_1.0.100.202509120712/tools/bin/../lib/gcc/arm-none-eabi/13.3.1/../../../../arm-none-eabi/lib/thumb/v7e-m+fp/hard\libm.a
END GROUP
START GROUP
LOAD C:/ST/STM32CubeIDE_2.0.0/STM32CubeIDE/plugins/com.st.stm32cube.ide.mcu.externaltools.gnu-tools-for-stm32.13.3.rel1.win32_1.0.100.202509120712/tools/bin/../lib/gcc/arm-none-eabi/13.3.1/thumb/v7e-m+fp/hard\libgcc.a
LOAD C:/ST/STM32CubeIDE_2.0.0/STM32CubeIDE/plugins/com.st.stm32cube.ide.mcu.externaltools.gnu-tools-for-stm32.13.3.rel1.win32_1.0.100.202509120712/tools/bin/../lib/gcc/arm-none-eabi/13.3.1/../../../../arm-none-eabi/lib/thumb/v7e-m+fp/hard\libc_nano.a
END GROUP
START GROUP
LOAD C:/ST/STM32CubeIDE_2.0.0/STM32CubeIDE/plugins/com.st.stm32cube.ide.mcu.externaltools.gnu-tools-for-stm32.13.3.rel1.win32_1.0.100.202509120712/tools/bin/../lib/gcc/arm-none-eabi/13.3.1/thumb/v7e-m+fp/hard\libgcc.a
LOAD C:/ST/STM32CubeIDE_2.0.0/STM32CubeIDE/plugins/com.st.stm32cube.ide.mcu.externaltools.gnu-tools-for-stm32.13.3.rel1.win32_1.0.100.202509120712/tools/bin/../lib/gcc/arm-none-eabi/13.3.1/../../../../arm-none-eabi/lib/thumb/v7e-m+fp/hard\libc_nano.a
LOAD C:/ST/STM32CubeIDE_2.0.0/STM32CubeIDE/plugins/com.st.stm32cube.ide.mcu.externaltools.gnu-tools-for-stm32.13.3.rel1.win32_1.0.100.202509120712/tools/bin/../lib/gcc/arm-none-eabi/13.3.1/../../../../arm-none-eabi/lib/thumb/v7e-m+fp/hard\libnosys.a
END GROUP
START GROUP
LOAD C:/ST/STM32CubeIDE_2.0.0/STM32CubeIDE/plugins/com.st.stm32cube.ide.mcu.externaltools.gnu-tools-for-stm32.13.3.rel1.win32_1.0.100.202509120712/tools/bin/../lib/gcc/arm-none-eabi/13.3.1/thumb/v7e-m+fp/hard\libgcc.a
LOAD C:/ST/STM32CubeIDE_2.0.0/STM32CubeIDE/plugins/com.st.stm32cube.ide.mcu.externaltools.gnu-tools-for-stm32.13.3.rel1.win32_1.0.100.202509120712/tools/bin/../lib/gcc/arm-none-eabi/13.3.1/../../../../arm-none-eabi/lib/thumb/v7e-m+fp/hard\libc_nano.a
LOAD C:/ST/STM32CubeIDE_2.0.0/STM32CubeIDE/plugins/com.st.stm32cube.ide.mcu.externaltools.gnu-tools-for-stm32.13.3.rel1.win32_1.0.100.202509120712/tools/bin/../lib/gcc/arm-none-eabi/13.3.1/../../../../arm-none-eabi/lib/thumb/v7e-m+fp/hard\libnosys.a
END GROUP
LOAD C:/ST/STM32CubeIDE_2.0.0/STM32CubeIDE/plugins/com.st.stm32cube.ide.mcu.externaltools.gnu-tools-for-stm32.13.3.rel1.win32_1.0.100.202509120712/tools/bin/../lib/gcc/arm-none-eabi/13.3.1/thumb/v7e-m+fp/hard/crtend.o
LOAD C:/ST/STM32CubeIDE_2.0.0/STM32CubeIDE/plugins/com.st.stm32cube.ide.mcu.externaltools.gnu-tools-for-stm32.13.3.rel1.win32_1.0.100.202509120712/tools/bin/../lib/gcc/arm-none-eabi/13.3.1/thumb/v7e-m+fp/hard/crtn.o
                0x20020000                        _estack = (ORIGIN (RAM) + LENGTH (RAM))
                0x00000200                        _Min_Heap_Size = 0x200
                0x00000400                        _Min_Stack_Size = 0x400

.isr_vector     0x08000000      0x1c4
                0x08000000                        . = ALIGN (0x4)
 *(.isr_vector)
 .isr_vector    0x08000000      0x1c4 ./Startup/startup_stm32f446retx.o
                0x08000000                g_pfnVectors
                0x080001c4                        . = ALIGN (0x4)

.text           0x080001c4      0x394
                0x080001c4                        . = ALIGN (0x4)
 *(.text)
 .text          0x080001c4       0x40 C:/ST/STM32CubeIDE_2.0.0/STM32CubeIDE/plugins/com.st.stm32cube.ide.mcu.externaltools.gnu-tools-for-stm32.13.3.rel1.win32_1.0.100.202509120712/tools/bin/../lib/gcc/arm-none-eabi/13.3.1/thumb/v7e-m+fp/hard/crtbegin.o
 *(.text*)
 .text.GPIO_Init
                0x08000204       0x4c ./Src/gpio_driver.o
                0x08000204                GPIO_Init
 .text.main     0x08000250       0x3c ./Src/main.o
                0x08000250                main
 .text.Random_Init
                0x0800028c       0x20 ./Src/random.o
                0x0800028c                Random_Init
 .text.Random_Generate
                0x080002ac       0x30 ./Src/random.o
                0x080002ac                Random_Generate
 .text.SysTick_Init
                0x080002dc       0x28 ./Src/systick_driver.o
                0x080002dc                SysTick_Init
 .text.SysTick_DelayMs
                0x08000304       0x44 ./Src/systick_driver.o
                0x08000304                SysTick_DelayMs
 .text.UART_Init
                0x08000348       0x78 ./Src/uart_driver.o
                0x08000348                UART_Init
 .text.UART_WriteChar
                0x080003c0       0x30 ./Src/uart_driver.o
                0x080003c0                UART_WriteChar
 .text.UART_WriteString
                0x080003f0       0x2c ./Src/uart_driver.o
                0x080003f0                UART_WriteString
 .text.UART_WriteUInt
                0x0800041c       0x88 ./Src/uart_driver.o
                0x0800041c                UART_WriteUInt
 .text.Reset_Handler
                0x080004a4       0x50 ./Startup/startup_stm32f446retx.o
                0x080004a4                Reset_Handler
 .text.Default_Handler
                0x080004f4        0x2 ./Startup/startup_stm32f446retx.o
                0x080004f4                RTC_Alarm_IRQHandler
                0x080004f4                EXTI2_IRQHandler
                0x080004f4                TIM8_CC_IRQHandler
                0x080004f4                SPDIF_Rx_IRQHandler
                0x080004f4                DebugMon_Handler
                0x080004f4                SPI4_IRQHandler
                0x080004f4                TIM1_CC_IRQHandler
                0x080004f4                QuadSPI_IRQHandler
                0x080004f4                DMA2_Stream5_IRQHandler
                0x080004f4                HardFault_Handler
                0x080004f4                DMA1_Stream5_IRQHandler
                0x080004f4                SysTick_Handler
                0x080004f4                PVD_IRQHandler
                0x080004f4                SDIO_IRQHandler
                0x080004f4                TAMP_STAMP_IRQHandler
                0x080004f4                PendSV_Handler
                0x080004f4                NMI_Handler
                0x080004f4                CAN2_RX1_IRQHandler
                0x080004f4                EXTI3_IRQHandler
                0x080004f4                TIM8_TRG_COM_TIM14_IRQHandler
                0x080004f4                TIM1_UP_TIM10_IRQHandler
                0x080004f4                FMPI2C1_error_IRQHandler
                0x080004f4                TIM8_UP_TIM13_IRQHandler
                0x080004f4                I2C3_ER_IRQHandler
                0x080004f4                EXTI0_IRQHandler
                0x080004f4                I2C2_EV_IRQHandler
                0x080004f4                DMA1_Stream2_IRQHandler
                0x080004f4                CAN1_RX0_IRQHandler
                0x080004f4                OTG_HS_WKUP_IRQHandler
                0x080004f4                UsageFault_Handler
                0x080004f4                CAN2_SCE_IRQHandler
                0x080004f4                DMA2_Stream2_IRQHandler
                0x080004f4                SPI1_IRQHandler
                0x080004f4                TIM6_DAC_IRQHandler
                0x080004f4                TIM1_BRK_TIM9_IRQHandler
                0x080004f4                DCMI_IRQHandler
                0x080004f4                CAN2_RX0_IRQHandler
                0x080004f4                DMA2_Stream3_IRQHandler
                0x080004f4                FMPI2C1_IRQHandler
                0x080004f4                SAI2_IRQHandler
                0x080004f4                USART6_IRQHandler
                0x080004f4                USART3_IRQHandler
                0x080004f4                CAN1_RX1_IRQHandler
                0x080004f4                UART5_IRQHandler
                0x080004f4                DMA2_Stream0_IRQHandler
                0x080004f4                TIM4_IRQHandler
                0x080004f4                I2C1_EV_IRQHandler
                0x080004f4                HDMI_CEC_IRQHandler
                0x080004f4                DMA1_Stream6_IRQHandler
                0x080004f4                DMA1_Stream1_IRQHandler
                0x080004f4                UART4_IRQHandler
                0x080004f4                TIM3_IRQHandler
                0x080004f4                RCC_IRQHandler
                0x080004f4                TIM8_BRK_TIM12_IRQHandler
                0x080004f4                Default_Handler
                0x080004f4                EXTI15_10_IRQHandler
                0x080004f4                ADC_IRQHandler
                0x080004f4                DMA1_Stream7_IRQHandler
                0x080004f4                TIM7_IRQHandler
                0x080004f4                CAN2_TX_IRQHandler
                0x080004f4                TIM5_IRQHandler
                0x080004f4                DMA2_Stream7_IRQHandler
                0x080004f4                I2C3_EV_IRQHandler
                0x080004f4                EXTI9_5_IRQHandler
                0x080004f4                RTC_WKUP_IRQHandler
                0x080004f4                SPI2_IRQHandler
                0x080004f4                OTG_HS_EP1_IN_IRQHandler
                0x080004f4                MemManage_Handler
                0x080004f4                DMA1_Stream0_IRQHandler
                0x080004f4                CAN1_TX_IRQHandler
                0x080004f4                SVC_Handler
                0x080004f4                EXTI4_IRQHandler
                0x080004f4                OTG_HS_EP1_OUT_IRQHandler
                0x080004f4                WWDG_IRQHandler
                0x080004f4                TIM2_IRQHandler
                0x080004f4                OTG_FS_WKUP_IRQHandler
                0x080004f4                TIM1_TRG_COM_TIM11_IRQHandler
                0x080004f4                OTG_HS_IRQHandler
                0x080004f4                EXTI1_IRQHandler
                0x080004f4                USART2_IRQHandler
                0x080004f4                I2C2_ER_IRQHandler
                0x080004f4                DMA2_Stream1_IRQHandler
                0x080004f4                CAN1_SCE_IRQHandler
                0x080004f4                FLASH_IRQHandler
                0x080004f4                DMA2_Stream4_IRQHandler
                0x080004f4                BusFault_Handler
                0x080004f4                USART1_IRQHandler
                0x080004f4                OTG_FS_IRQHandler
                0x080004f4                SPI3_IRQHandler
                0x080004f4                DMA1_Stream4_IRQHandler
                0x080004f4                I2C1_ER_IRQHandler
                0x080004f4                FMC_IRQHandler
                0x080004f4                DMA2_Stream6_IRQHandler
                0x080004f4                SAI1_IRQHandler
                0x080004f4                DMA1_Stream3_IRQHandler
 *fill*         0x080004f6        0x2 
 .text.__libc_init_array
                0x080004f8       0x48 C:/ST/STM32CubeIDE_2.0.0/STM32CubeIDE/plugins/com.st.stm32cube.ide.mcu.externaltools.gnu-tools-for-stm32.13.3.rel1.win32_1.0.100.202509120712/tools/bin/../lib/gcc/arm-none-eabi/13.3.1/../../../../arm-none-eabi/lib/thumb/v7e-m+fp/hard\libc_nano.a(libc_a-init.o)
                0x080004f8                __libc_init_array
 *(.glue_7)
 .glue_7        0x08000540        0x0 linker stubs
 *(.glue_7t)
 .glue_7t       0x08000540        0x0 linker stubs
 *(.eh_frame)
 .eh_frame      0x08000540        0x0 C:/ST/STM32CubeIDE_2.0.0/STM32CubeIDE/plugins/com.st.stm32cube.ide.mcu.externaltools.gnu-tools-for-stm32.13.3.rel1.win32_1.0.100.202509120712/tools/bin/../lib/gcc/arm-none-eabi/13.3.1/thumb/v7e-m+fp/hard/crtbegin.o
 *(.init)
 .init          0x08000540        0x4 C:/ST/STM32CubeIDE_2.0.0/STM32CubeIDE/plugins/com.st.stm32cube.ide.mcu.externaltools.gnu-tools-for-stm32.13.3.rel1.win32_1.0.100.202509120712/tools/bin/../lib/gcc/arm-none-eabi/13.3.1/thumb/v7e-m+fp/hard/crti.o
                0x08000540                _init
 .init          0x08000544        0x8 C:/ST/STM32CubeIDE_2.0.0/STM32CubeIDE/plugins/com.st.stm32cube.ide.mcu.externaltools.gnu-tools-for-stm32.13.3.rel1.win32_1.0.100.202509120712/tools/bin/../lib/gcc/arm-none-eabi/13.3.1/thumb/v7e-m+fp/hard/crtn.o
 *(.fini)
 .fini          0x0800054c        0x4 C:/ST/STM32CubeIDE_2.0.0/STM32CubeIDE/plugins/com.st.stm32cube.ide.mcu.externaltools.gnu-tools-for-stm32.13.3.rel1.win32_1.0.100.202509120712/tools/bin/../lib/gcc/arm-none-eabi/13.3.1/thumb/v7e-m+fp/hard/crti.o
                0x0800054c                _fini
 .fini          0x08000550        0x8 C:/ST/STM32CubeIDE_2.0.0/STM32CubeIDE/plugins/com.st.stm32cube.ide.mcu.externaltools.gnu-tools-for-stm32.13.3.rel1.win32_1.0.100.202509120712/tools/bin/../lib/gcc/arm-none-eabi/13.3.1/thumb/v7e-m+fp/hard/crtn.o
                0x08000558                        . = ALIGN (0x4)
                0x08000558                        _etext = .

.vfp11_veneer   0x08000558        0x0
 .vfp11_veneer  0x08000558        0x0 linker stubs

.v4_bx          0x08000558        0x0
 .v4_bx         0x08000558        0x0 linker stubs

.iplt           0x08000558        0x0
 .iplt          0x08000558        0x0 C:/ST/STM32CubeIDE_2.0.0/STM32CubeIDE/plugins/com.st.stm32cube.ide.mcu.externaltools.gnu-tools-for-stm32.13.3.rel1.win32_1.0.100.202509120712/tools/bin/../lib/gcc/arm-none-eabi/13.3.1/thumb/v7e-m+fp/hard/crtbegin.o

.rodata         0x08000558        0x4
                0x08000558                        . = ALIGN (0x4)
 *(.rodata)
 .rodata        0x08000558        0x3 ./Src/main.o
 *(.rodata*)
                0x0800055c                        . = ALIGN (0x4)
 *fill*         0x0800055b        0x1 

.ARM.extab      0x0800055c        0x0
                0x0800055c                        . = ALIGN (0x4)
 *(.ARM.extab* .gnu.linkonce.armextab.*)
                0x0800055c                        . = ALIGN (0x4)

.ARM            0x0800055c        0x0
                0x0800055c                        . = ALIGN (0x4)
                0x0800055c                        __exidx_start = .
 *(.ARM.exidx*)
                0x0800055c                        __exidx_end = .
                0x0800055c                        . = ALIGN (0x4)

.preinit_array  0x0800055c        0x0
                0x0800055c                        . = ALIGN (0x4)
                0x0800055c                        PROVIDE (__preinit_array_start = .)
 *(.preinit_array*)
                0x0800055c                        PROVIDE (__preinit_array_end = .)
                0x0800055c                        . = ALIGN (0x4)

.init_array     0x0800055c        0x4
                0x0800055c                        . = ALIGN (0x4)
                0x0800055c                        PROVIDE (__init_array_start = .)
 *(SORT_BY_NAME(.init_array.*))
 *(.init_array*)
 .init_array    0x0800055c        0x4 C:/ST/STM32CubeIDE_2.0.0/STM32CubeIDE/plugins/com.st.stm32cube.ide.mcu.externaltools.gnu-tools-for-stm32.13.3.rel1.win32_1.0.100.202509120712/tools/bin/../lib/gcc/arm-none-eabi/13.3.1/thumb/v7e-m+fp/hard/crtbegin.o
                0x08000560                        PROVIDE (__init_array_end = .)
                0x08000560                        . = ALIGN (0x4)

.fini_array     0x08000560        0x4
                0x08000560                        . = ALIGN (0x4)
                [!provide]                        PROVIDE (__fini_array_start = .)
 *(SORT_BY_NAME(.fini_array.*))
 *(.fini_array*)
 .fini_array    0x08000560        0x4 C:/ST/STM32CubeIDE_2.0.0/STM32CubeIDE/plugins/com.st.stm32cube.ide.mcu.externaltools.gnu-tools-for-stm32.13.3.rel1.win32_1.0.100.202509120712/tools/bin/../lib/gcc/arm-none-eabi/13.3.1/thumb/v7e-m+fp/hard/crtbegin.o
                [!provide]                        PROVIDE (__fini_array_end = .)
                0x08000564                        . = ALIGN (0x4)
                0x08000564                        _sidata = LOADADDR (.data)

.rel.dyn        0x08000564        0x0
 .rel.iplt      0x08000564        0x0 C:/ST/STM32CubeIDE_2.0.0/STM32CubeIDE/plugins/com.st.stm32cube.ide.mcu.externaltools.gnu-tools-for-stm32.13.3.rel1.win32_1.0.100.202509120712/tools/bin/../lib/gcc/arm-none-eabi/13.3.1/thumb/v7e-m+fp/hard/crtbegin.o

.data           0x20000000        0x0 load address 0x08000564
                0x20000000                        . = ALIGN (0x4)
                0x20000000                        _sdata = .
 *(.data)
 *(.data*)
 *(.RamFunc)
 *(.RamFunc*)
                0x20000000                        . = ALIGN (0x4)
                0x20000000                        _edata = .

.igot.plt       0x20000000        0x0 load address 0x08000564
 .igot.plt      0x20000000        0x0 C:/ST/STM32CubeIDE_2.0.0/STM32CubeIDE/plugins/com.st.stm32cube.ide.mcu.externaltools.gnu-tools-for-stm32.13.3.rel1.win32_1.0.100.202509120712/tools/bin/../lib/gcc/arm-none-eabi/13.3.1/thumb/v7e-m+fp/hard/crtbegin.o
                0x20000000                        . = ALIGN (0x4)

.bss            0x20000000       0x20 load address 0x08000564
                0x20000000                        _sbss = .
                0x20000000                        __bss_start__ = _sbss
 *(.bss)
 .bss           0x20000000       0x1c C:/ST/STM32CubeIDE_2.0.0/STM32CubeIDE/plugins/com.st.stm32cube.ide.mcu.externaltools.gnu-tools-for-stm32.13.3.rel1.win32_1.0.100.202509120712/tools/bin/../lib/gcc/arm-none-eabi/13.3.1/thumb/v7e-m+fp/hard/crtbegin.o
 *(.bss*)
 .bss.currentSeed
                0x2000001c        0x4 ./Src/random.o
 *(COMMON)
                0x20000020                        . = ALIGN (0x4)
                0x20000020                        _ebss = .
                0x20000020                        __bss_end__ = _ebss

._user_heap_stack
                0x20000020      0x600 load address 0x08000564
                0x20000020                        . = ALIGN (0x8)
                [!provide]                        PROVIDE (end = .)
                0x20000020                        PROVIDE (_end = .)
                0x20000220                        . = (. + _Min_Heap_Size)
 *fill*         0x20000020      0x200 
                0x20000620                        . = (. + _Min_Stack_Size)
 *fill*         0x20000220      0x400 
                0x20000620                        . = ALIGN (0x8)

/DISCARD/
 libc.a(*)
 libm.a(*)
 libgcc.a(*)

.ARM.attributes
                0x00000000       0x30
 *(.ARM.attributes)
 .ARM.attributes
                0x00000000       0x22 C:/ST/STM32CubeIDE_2.0.0/STM32CubeIDE/plugins/com.st.stm32cube.ide.mcu.externaltools.gnu-tools-for-stm32.13.3.rel1.win32_1.0.100.202509120712/tools/bin/../lib/gcc/arm-none-eabi/13.3.1/thumb/v7e-m+fp/hard/crti.o
 .ARM.attributes
                0x00000022       0x34 C:/ST/STM32CubeIDE_2.0.0/STM32CubeIDE/plugins/com.st.stm32cube.ide.mcu.externaltools.gnu-tools-for-stm32.13.3.rel1.win32_1.0.100.202509120712/tools/bin/../lib/gcc/arm-none-eabi/13.3.1/thumb/v7e-m+fp/hard/crtbegin.o
 .ARM.attributes
                0x00000056       0x34 ./Src/gpio_driver.o
 .ARM.attributes
                0x0000008a       0x34 ./Src/main.o
 .ARM.attributes
                0x000000be       0x34 ./Src/random.o
 .ARM.attributes
                0x000000f2       0x34 ./Src/systick_driver.o
 .ARM.attributes
                0x00000126       0x34 ./Src/uart_driver.o
 .ARM.attributes
                0x0000015a       0x21 ./Startup/startup_stm32f446retx.o
 .ARM.attributes
                0x0000017b       0x34 C:/ST/STM32CubeIDE_2.0.0/STM32CubeIDE/plugins/com.st.stm32cube.ide.mcu.externaltools.gnu-tools-for-stm32.13.3.rel1.win32_1.0.100.202509120712/tools/bin/../lib/gcc/arm-none-eabi/13.3.1/../../../../arm-none-eabi/lib/thumb/v7e-m+fp/hard\libc_nano.a(libc_a-init.o)
 .ARM.attributes
                0x000001af       0x22 C:/ST/STM32CubeIDE_2.0.0/STM32CubeIDE/plugins/com.st.stm32cube.ide.mcu.externaltools.gnu-tools-for-stm32.13.3.rel1.win32_1.0.100.202509120712/tools/bin/../lib/gcc/arm-none-eabi/13.3.1/thumb/v7e-m+fp/hard/crtn.o
OUTPUT(reaction_timer_game.elf elf32-littlearm)
LOAD linker stubs
LOAD C:/ST/STM32CubeIDE_2.0.0/STM32CubeIDE/plugins/com.st.stm32cube.ide.mcu.externaltools.gnu-tools-for-stm32.13.3.rel1.win32_1.0.100.202509120712/tools/bin/../lib/gcc/arm-none-eabi/13.3.1/../../../../arm-none-eabi/lib/thumb/v7e-m+fp/hard\libc.a
LOAD C:/ST/STM32CubeIDE_2.0.0/STM32CubeIDE/plugins/com.st.stm32cube.ide.mcu.externaltools.gnu-tools-for-stm32.13.3.rel1.win32_1.0.100.202509120712/tools/bin/../lib/gcc/arm-none-eabi/13.3.1/../../../../arm-none-eabi/lib/thumb/v7e-m+fp/hard\libm.a
LOAD C:/ST/STM32CubeIDE_2.0.0/STM32CubeIDE/plugins/com.st.stm32cube.ide.mcu.externaltools.gnu-tools-for-stm32.13.3.rel1.win32_1.0.100.202509120712/tools/bin/../lib/gcc/arm-none-eabi/13.3.1/thumb/v7e-m+fp/hard\libgcc.a

.debug_info     0x00000000      0xaf3
 .debug_info    0x00000000      0x34a ./Src/gpio_driver.o
 .debug_info    0x0000034a      0x130 ./Src/main.o
 .debug_info    0x0000047a       0xd3 ./Src/random.o
 .debug_info    0x0000054d      0x161 ./Src/systick_driver.o
 .debug_info    0x000006ae      0x415 ./Src/uart_driver.o
 .debug_info    0x00000ac3       0x30 ./Startup/startup_stm32f446retx.o

.debug_abbrev   0x00000000      0x4b2
 .debug_abbrev  0x00000000       0xd3 ./Src/gpio_driver.o
 .debug_abbrev  0x000000d3       0xc6 ./Src/main.o
 .debug_abbrev  0x00000199       0x91 ./Src/random.o
 .debug_abbrev  0x0000022a      0x118 ./Src/systick_driver.o
 .debug_abbrev  0x00000342      0x14c ./Src/uart_driver.o
 .debug_abbrev  0x0000048e       0x24 ./Startup/startup_stm32f446retx.o

.debug_aranges  0x00000000      0x120
 .debug_aranges
                0x00000000       0x40 ./Src/gpio_driver.o
 .debug_aranges
                0x00000040       0x20 ./Src/main.o
 .debug_aranges
                0x00000060       0x28 ./Src/random.o
 .debug_aranges
                0x00000088       0x38 ./Src/systick_driver.o
 .debug_aranges
                0x000000c0       0x38 ./Src/uart_driver.o
 .debug_aranges
                0x000000f8       0x28 ./Startup/startup_stm32f446retx.o

.debug_rnglists
                0x00000000       0xbb
 .debug_rnglists
                0x00000000       0x2b ./Src/gpio_driver.o
 .debug_rnglists
                0x0000002b       0x13 ./Src/main.o
 .debug_rnglists
                0x0000003e       0x19 ./Src/random.o
 .debug_rnglists
                0x00000057       0x25 ./Src/systick_driver.o
 .debug_rnglists
                0x0000007c       0x26 ./Src/uart_driver.o
 .debug_rnglists
                0x000000a2       0x19 ./Startup/startup_stm32f446retx.o

.debug_macro    0x00000000    0x18e68
 .debug_macro   0x00000000       0xf0 ./Src/gpio_driver.o
 .debug_macro   0x000000f0      0xaf0 ./Src/gpio_driver.o
 .debug_macro   0x00000be0       0x28 ./Src/gpio_driver.o
 .debug_macro   0x00000c08       0x28 ./Src/gpio_driver.o
 .debug_macro   0x00000c30       0x22 ./Src/gpio_driver.o
 .debug_macro   0x00000c52       0x8e ./Src/gpio_driver.o
 .debug_macro   0x00000ce0       0x51 ./Src/gpio_driver.o
 .debug_macro   0x00000d31      0x103 ./Src/gpio_driver.o
 .debug_macro   0x00000e34       0x6a ./Src/gpio_driver.o
 .debug_macro   0x00000e9e      0x1df ./Src/gpio_driver.o
 .debug_macro   0x0000107d       0x1c ./Src/gpio_driver.o
 .debug_macro   0x00001099       0x22 ./Src/gpio_driver.o
 .debug_macro   0x000010bb       0xfb ./Src/gpio_driver.o
 .debug_macro   0x000011b6     0x1011 ./Src/gpio_driver.o
 .debug_macro   0x000021c7      0x11f ./Src/gpio_driver.o
 .debug_macro   0x000022e6    0x16749 ./Src/gpio_driver.o
 .debug_macro   0x00018a2f       0x6d ./Src/gpio_driver.o
 .debug_macro   0x00018a9c       0xf6 ./Src/main.o
 .debug_macro   0x00018b92       0xd8 ./Src/random.o
 .debug_macro   0x00018c6a       0xf0 ./Src/systick_driver.o
 .debug_macro   0x00018d5a      0x10e ./Src/uart_driver.o

.debug_line     0x00000000     0x1d11
 .debug_line    0x00000000      0x5c6 ./Src/gpio_driver.o
 .debug_line    0x000005c6      0x585 ./Src/main.o
 .debug_line    0x00000b4b      0x55a ./Src/random.o
 .debug_line    0x000010a5      0x5da ./Src/systick_driver.o
 .debug_line    0x0000167f      0x617 ./Src/uart_driver.o
 .debug_line    0x00001c96       0x7b ./Startup/startup_stm32f446retx.o

.debug_str      0x00000000    0x8b3dc
 .debug_str     0x00000000    0x8b3dc ./Src/gpio_driver.o
                              0x8b2f4 (size before relaxing)
 .debug_str     0x0008b3dc        0x0 ./Src/main.o
                              0x8b1aa (size before relaxing)
 .debug_str     0x0008b3dc        0x0 ./Src/random.o
                              0x8b12e (size before relaxing)
 .debug_str     0x0008b3dc        0x0 ./Src/systick_driver.o
                              0x8b1c6 (size before relaxing)
 .debug_str     0x0008b3dc        0x0 ./Src/uart_driver.o
                              0x8b34e (size before relaxing)
 .debug_str     0x0008b3dc        0x0 ./Startup/startup_stm32f446retx.o
                                 0x80 (size before relaxing)

.comment        0x00000000       0x43
 .comment       0x00000000       0x43 ./Src/gpio_driver.o
                                 0x44 (size before relaxing)
 .comment       0x00000043        0x0 ./Src/main.o
                                 0x44 (size before relaxing)
 .comment       0x00000043        0x0 ./Src/random.o
                                 0x44 (size before relaxing)
 .comment       0x00000043        0x0 ./Src/systick_driver.o
                                 0x44 (size before relaxing)
 .comment       0x00000043        0x0 ./Src/uart_driver.o
                                 0x44 (size before relaxing)

.debug_frame    0x00000000      0x29c
 .debug_frame   0x00000000       0xb0 ./Src/gpio_driver.o
 .debug_frame   0x000000b0       0x30 ./Src/main.o
 .debug_frame   0x000000e0       0x58 ./Src/random.o
 .debug_frame   0x00000138       0x98 ./Src/systick_driver.o
 .debug_frame   0x000001d0       0xa0 ./Src/uart_driver.o
 .debug_frame   0x00000270       0x2c C:/ST/STM32CubeIDE_2.0.0/STM32CubeIDE/plugins/com.st.stm32cube.ide.mcu.externaltools.gnu-tools-for-stm32.13.3.rel1.win32_1.0.100.202509120712/tools/bin/../lib/gcc/arm-none-eabi/13.3.1/../../../../arm-none-eabi/lib/thumb/v7e-m+fp/hard\libc_nano.a(libc_a-init.o)

.debug_line_str
                0x00000000       0x64
 .debug_line_str
                0x00000000       0x64 ./Startup/startup_stm32f446retx.o
